ID	Well	SampleID	Genotype	index	Frameshift	Barcode2
WP1	A01	SC0073	Col-0	CGTCGGTAA	oddF	bc1
WP2	B01	SC0074	Col-0	GTGTCCAAT	oddF	bc1
WP3	C01	SC0075	Col-0	TCCATGCGA	oddF	bc1
WP4	D01	SC0076	Col-0	AGGTTCGCT	oddF	bc1
WP5	E01	SC0077	Col-0	GTCGAAGCT	oddF	bc1
WP6	F01	SC0078	Col-0	ACGGCTGAC	oddF	bc1
WP7	G01	SC0079	Col-0	CTATCTGGA	oddF	bc1
WP8	H01	SC0080	Col-0	TGGACTCTC	oddF	bc1
WP9	A02	SC0081	Col-0	ATTGTGAGC	oddF	bc1
WP10	B02	SC0082	Col-0	TGTCGTCAA	oddF	bc1
WP11	C02	SC0083	Col-0	CGTTCTAAG	oddF	bc1
WP12	D02	SC0084	Col-0	TGTGAACCG	oddF	bc1
WP13	E02	SC0085	Col-0	GGCCTATCG	oddF	bc1
WP14	F02	SC0086	Col-0	GGATATAGC	oddF	bc1
WP15	G02	SC0087	Col-0	GCTGAAGAC	oddF	bc1
WP16	H02	SC0088	Col-0	CGGTGTCTA	oddF	bc1
WP17	A03	SC0089	Col-0	GTCAGCTGA	oddF	bc1
WP18	B03	SC0090	Col-0	GCCGACTTA	oddF	bc1
WP19	C03	SC0091	Col-0	CTAAGGAGC	oddF	bc1
WP20	D03	SC0092	Col-0	TCAGGCCAT	oddF	bc1
WP21	E03	SC0093	Col-0	TACTTGCAA	oddF	bc1
WP22	F03	SC0094	Col-0	CTTACTAGG	oddF	bc1
WP23	G03	SC0095	Col-0	TGATCCTAG	oddF	bc1
WP24	H03	SC0096	Col-0	ACGTTCATA	oddF	bc1
WP25	A04	SC0097	Col-0	TCGCACAAG	oddF	bc1
WP26	B04	SC0098	Col-0	ACCATCGTG	oddF	bc1
WP27	C04	SC0099	Col-0	AAGGCACGT	oddF	bc1
WP28	D04	SC0100	Col-0	GCTAGTTCA	oddF	bc1
WP29	E04	SC0101	Col-0	CGCTGAATA	oddF	bc1
WP30	F04	SC0102	Col-0	CACCGATTA	oddF	bc1
WP31	G04	SC0103	Col-0	CATGGACGC	oddF	bc1
WP32	H04	SC0104	Col-0	CATCTTACG	oddF	bc1
WP33	A05	SC0105	Col-0	CTGTAACAG	oddF	bc1
WP34	B05	SC0106	Col-0	GATGATCGT	oddF	bc1
WP35	C05	SC0107	Col-0	AGCCGTTAC	oddF	bc1
WP36	D05	SC0108	Col-0	TAAGCATGG	oddF	bc1
WP37	E05	SC0109	Col-0	TGTGCGTAC	oddF	bc1
WP38	F05	SC0110	Col-0	TGGCTCTAA	oddF	bc1
WP39	G05	SC0111	Col-0	CGACCTTAT	oddF	bc1
WP40	H05	SC0112	Col-0	AGTGCCACT	oddF	bc1
WP41	A06	SC0113	Col-0	CACTTCTGG	oddF	bc1
WP42	B06	SC0114	Col-0	CGCTAGTAG	oddF	bc1
WP43	C06	SC0115	Col-0	GGAACGCTA	oddF	bc1
WP44	D06	SC0116	Col-0	ATGACTCAC	oddF	bc1
WP45	E06	SC0117	Col-0	GTAGGACCA	oddF	bc1
WP46	F06	SC0118	Col-0	GTACGCGTA	oddF	bc1
WP47	G06	SC0119	Col-0	AGATGGCTC	oddF	bc1
WP48	H06	SC0120	Col-0	ATACGGACG	oddF	bc1
WP49	A07	SC0121	Col-0	GAACGTATC	oddF	bc1
WP50	B07	SC0122	Col-0	AACCAGCTG	oddF	bc1
WP51	C07	SC0123	Col-0	GGCGCTTAA	oddF	bc1
WP52	D07	SC0124	Col-0	CTTCGCAGG	oddF	bc1
WP53	E07	SC0125	Col-0	CGGCTACAA	oddF	bc1
WP54	F07	SC0126	Col-0	CTCTACAGA	oddF	bc1
WP55	G07	SC0127	Col-0	GCTTAATAG	oddF	bc1
WP56	H07	SC0128	Col-0	ACCTCAGAG	oddF	bc1
WP57	A08	SC0129	Col-0	CGAATCCTG	oddF	bc1
WP58	B08	SC0130	Col-0	TAGCAGTGA	oddF	bc1
WP59	C08	SC0131	Col-0	GTGACATGT	oddF	bc1
WP60	D08	SC0132	Col-0	CGGCAGAAT	oddF	bc1
WP61	E08	SC01	Col-0	CAGCGTGTA	oddF	bc1
WP62	F08	SC02	Col-0	GTGTATGCA	oddF	bc1
WP63	G08	SC03	Col-0	ACATTGCGT	oddF	bc1
WP64	H08	SC04	Col-0	TCTTCGAGC	oddF	bc1
WP65	A09	SC05	Col-0	GCAACGTCT	oddF	bc1
WP66	B09	SC06	Col-0	GCAGCTCTA	oddF	bc1
WP67	C09	SC07	Col-0	GAGGTTACC	oddF	bc1
WP68	D09	SC08	Col-0	CATGAAGTC	oddF	bc1
WP69	E09	SC09	Col-0	AGTATGCAG	oddF	bc1
WP70	F09	SC10	Col-0	GATGCCTTA	oddF	bc1
WP71	G09	SC11	Col-0	GCGAATACT	oddF	bc1
WP72	H09	SC12	Col-0	ATCTGCGAA	oddF	bc1
WP73	A10	SC13	Col-0	AACAGGTGC	oddF	bc1
WP74	B10	SC14	Col-0	TACCATGAG	oddF	bc1
WP75	C10	SC15	Col-0	CCAACTAGT	oddF	bc1
WP76	D10	SC16	Col-0	ATAGTCCGC	oddF	bc1
WP77	E10	SC17	Col-0	TTAAGCGAT	oddF	bc1
WP78	F10	SC18	Col-0	ACGTCCTGA	oddF	bc1
WP79	G10	SC19	Col-0	CAGTAATGC	oddF	bc1
WP80	H10	SC20	Col-0	TTCCATAGC	oddF	bc1
WP81	A11	SC21	Col-0	TGCACAATC	oddF	bc1
WP82	B11	SC22	Col-0	CATGAGGCT	oddF	bc1
WP83	C11	SC23	Col-0	ACAGGAGTT	oddF	bc1
WP84	D11	SC24	Col-0	AGCCTTCTA	oddF	bc1
WP85	E11	SC25	Col-0	TGACTAGTC	oddF	bc1
WP86	F11	SC26	Col-0	CGAGTATCC	oddF	bc1
WP87	G11	SC27	Col-0	CAATGTCGG	oddF	bc1
WP88	H11	SC28	Col-0	GCGTCACGA	oddF	bc1
WP89	A12	SC29	Col-0	TTATAGGCC	oddF	bc1
WP90	B12	SC30	Col-0	GAGTGCTAC	oddF	bc1
WP91	C12	SC31	Col-0	ACGTCTTAG	oddF	bc1
WP92	D12	SC32	Col-0	TTGTGCACG	oddF	bc1
WP93	E12	SC33	Col-0	GGCGTTACA	oddF	bc1
WP94	F12	SC34	Col-0	GTCTCGCAT	oddF	bc1
WP95	G12	SC35	Col-0	TCTTGACGG	oddF	bc1
WP96	H12	SC36	Col-0	GTGCTACTA	oddF	bc1
WP97	A01	SC0073	Col-0	CGTCGGTAA	evenF	bc1
WP98	B01	SC0074	Col-0	GTGTCCAAT	evenF	bc1
WP99	C01	SC0075	Col-0	TCCATGCGA	evenF	bc1
WP100	D01	SC0076	Col-0	AGGTTCGCT	evenF	bc1
WP101	E01	SC0077	Col-0	GTCGAAGCT	evenF	bc1
WP102	F01	SC0078	Col-0	ACGGCTGAC	evenF	bc1
WP103	G01	SC0079	Col-0	CTATCTGGA	evenF	bc1
WP104	H01	SC0080	Col-0	TGGACTCTC	evenF	bc1
WP105	A02	SC0081	Col-0	ATTGTGAGC	evenF	bc1
WP106	B02	SC0082	Col-0	TGTCGTCAA	evenF	bc1
WP107	C02	SC0083	Col-0	CGTTCTAAG	evenF	bc1
WP108	D02	SC0084	Col-0	TGTGAACCG	evenF	bc1
WP109	E02	SC0085	Col-0	GGCCTATCG	evenF	bc1
WP110	F02	SC0086	Col-0	GGATATAGC	evenF	bc1
WP111	G02	SC0087	Col-0	GCTGAAGAC	evenF	bc1
WP112	H02	SC0088	Col-0	CGGTGTCTA	evenF	bc1
WP113	A03	SC0089	Col-0	GTCAGCTGA	evenF	bc1
WP114	B03	SC0090	Col-0	GCCGACTTA	evenF	bc1
WP115	C03	SC0091	Col-0	CTAAGGAGC	evenF	bc1
WP116	D03	SC0092	Col-0	TCAGGCCAT	evenF	bc1
WP117	E03	SC0093	Col-0	TACTTGCAA	evenF	bc1
WP118	F03	SC0094	Col-0	CTTACTAGG	evenF	bc1
WP119	G03	SC0095	Col-0	TGATCCTAG	evenF	bc1
WP120	H03	SC0096	Col-0	ACGTTCATA	evenF	bc1
WP121	A04	SC0097	Col-0	TCGCACAAG	evenF	bc1
WP122	B04	SC0098	Col-0	ACCATCGTG	evenF	bc1
WP123	C04	SC0099	Col-0	AAGGCACGT	evenF	bc1
WP124	D04	SC0100	Col-0	GCTAGTTCA	evenF	bc1
WP125	E04	SC0101	Col-0	CGCTGAATA	evenF	bc1
WP126	F04	SC0102	Col-0	CACCGATTA	evenF	bc1
WP127	G04	SC0103	Col-0	CATGGACGC	evenF	bc1
WP128	H04	SC0104	Col-0	CATCTTACG	evenF	bc1
WP129	A05	SC0105	Col-0	CTGTAACAG	evenF	bc1
WP130	B05	SC0106	Col-0	GATGATCGT	evenF	bc1
WP131	C05	SC0107	Col-0	AGCCGTTAC	evenF	bc1
WP132	D05	SC0108	Col-0	TAAGCATGG	evenF	bc1
WP133	E05	SC0109	Col-0	TGTGCGTAC	evenF	bc1
WP134	F05	SC0110	Col-0	TGGCTCTAA	evenF	bc1
WP135	G05	SC0111	Col-0	CGACCTTAT	evenF	bc1
WP136	H05	SC0112	Col-0	AGTGCCACT	evenF	bc1
WP137	A06	SC0113	Col-0	CACTTCTGG	evenF	bc1
WP138	B06	SC0114	Col-0	CGCTAGTAG	evenF	bc1
WP139	C06	SC0115	Col-0	GGAACGCTA	evenF	bc1
WP140	D06	SC0116	Col-0	ATGACTCAC	evenF	bc1
WP141	E06	SC0117	Col-0	GTAGGACCA	evenF	bc1
WP142	F06	SC0118	Col-0	GTACGCGTA	evenF	bc1
WP143	G06	SC0119	Col-0	AGATGGCTC	evenF	bc1
WP144	H06	SC0120	Col-0	ATACGGACG	evenF	bc1
WP145	A07	SC0121	Col-0	GAACGTATC	evenF	bc1
WP146	B07	SC0122	Col-0	AACCAGCTG	evenF	bc1
WP147	C07	SC0123	Col-0	GGCGCTTAA	evenF	bc1
WP148	D07	SC0124	Col-0	CTTCGCAGG	evenF	bc1
WP149	E07	SC0125	Col-0	CGGCTACAA	evenF	bc1
WP150	F07	SC0126	Col-0	CTCTACAGA	evenF	bc1
WP151	G07	SC0127	Col-0	GCTTAATAG	evenF	bc1
WP152	H07	SC0128	Col-0	ACCTCAGAG	evenF	bc1
WP153	A08	SC0129	Col-0	CGAATCCTG	evenF	bc1
WP154	B08	SC0130	Col-0	TAGCAGTGA	evenF	bc1
WP155	C08	SC0131	Col-0	GTGACATGT	evenF	bc1
WP156	D08	SC0132	Col-0	CGGCAGAAT	evenF	bc1
WP157	E08	SC01	Col-0	CAGCGTGTA	evenF	bc1
WP158	F08	SC02	Col-0	GTGTATGCA	evenF	bc1
WP159	G08	SC03	Col-0	ACATTGCGT	evenF	bc1
WP160	H08	SC04	Col-0	TCTTCGAGC	evenF	bc1
WP161	A09	SC05	Col-0	GCAACGTCT	evenF	bc1
WP162	B09	SC06	Col-0	GCAGCTCTA	evenF	bc1
WP163	C09	SC07	Col-0	GAGGTTACC	evenF	bc1
WP164	D09	SC08	Col-0	CATGAAGTC	evenF	bc1
WP165	E09	SC09	Col-0	AGTATGCAG	evenF	bc1
WP166	F09	SC10	Col-0	GATGCCTTA	evenF	bc1
WP167	G09	SC11	Col-0	GCGAATACT	evenF	bc1
WP168	H09	SC12	Col-0	ATCTGCGAA	evenF	bc1
WP169	A10	SC13	Col-0	AACAGGTGC	evenF	bc1
WP170	B10	SC14	Col-0	TACCATGAG	evenF	bc1
WP171	C10	SC15	Col-0	CCAACTAGT	evenF	bc1
WP172	D10	SC16	Col-0	ATAGTCCGC	evenF	bc1
WP173	E10	SC17	Col-0	TTAAGCGAT	evenF	bc1
WP174	F10	SC18	Col-0	ACGTCCTGA	evenF	bc1
WP175	G10	SC19	Col-0	CAGTAATGC	evenF	bc1
WP176	H10	SC20	Col-0	TTCCATAGC	evenF	bc1
WP177	A11	SC21	Col-0	TGCACAATC	evenF	bc1
WP178	B11	SC22	Col-0	CATGAGGCT	evenF	bc1
WP179	C11	SC23	Col-0	ACAGGAGTT	evenF	bc1
WP180	D11	SC24	Col-0	AGCCTTCTA	evenF	bc1
WP181	E11	SC25	Col-0	TGACTAGTC	evenF	bc1
WP182	F11	SC26	Col-0	CGAGTATCC	evenF	bc1
WP183	G11	SC27	Col-0	CAATGTCGG	evenF	bc1
WP184	H11	SC28	Col-0	GCGTCACGA	evenF	bc1
WP185	A12	SC29	Col-0	TTATAGGCC	evenF	bc1
WP186	B12	SC30	Col-0	GAGTGCTAC	evenF	bc1
WP187	C12	SC31	Col-0	ACGTCTTAG	evenF	bc1
WP188	D12	SC32	Col-0	TTGTGCACG	evenF	bc1
WP189	E12	SC33	Col-0	GGCGTTACA	evenF	bc1
WP190	F12	SC34	Col-0	GTCTCGCAT	evenF	bc1
WP191	G12	SC35	Col-0	TCTTGACGG	evenF	bc1
WP192	H12	SC36	Col-0	GTGCTACTA	evenF	bc1
WP193	A01	SC025	Col-0	CGTCGGTAA	oddF	bc2
WP194	B01	SC026	Col-0	GTGTCCAAT	oddF	bc2
WP195	C01	SC027	Col-0	TCCATGCGA	oddF	bc2
WP196	D01	SC028	Col-0	AGGTTCGCT	oddF	bc2
WP197	E01	SC029	Col-0	GTCGAAGCT	oddF	bc2
WP198	F01	SC030	Col-0	ACGGCTGAC	oddF	bc2
WP199	G01	SC031	Col-0	CTATCTGGA	oddF	bc2
WP200	H01	SC032	Col-0	TGGACTCTC	oddF	bc2
WP201	A02	SC033	Col-0	ATTGTGAGC	oddF	bc2
WP202	B02	SC034	Col-0	TGTCGTCAA	oddF	bc2
WP203	C02	SC035	Col-0	CGTTCTAAG	oddF	bc2
WP204	D02	SC036	Col-0	TGTGAACCG	oddF	bc2
WP205	E02	SC037	Col-0	GGCCTATCG	oddF	bc2
WP206	F02	SC038	Col-0	GGATATAGC	oddF	bc2
WP207	G02	SC039	Col-0	GCTGAAGAC	oddF	bc2
WP208	H02	SC040	Col-0	CGGTGTCTA	oddF	bc2
WP209	A03	SC041	Col-0	GTCAGCTGA	oddF	bc2
WP210	B03	SC042	Col-0	GCCGACTTA	oddF	bc2
WP211	C03	SC043	Col-0	CTAAGGAGC	oddF	bc2
WP212	D03	SC044	Col-0	TCAGGCCAT	oddF	bc2
WP213	E03	SC045	Col-0	TACTTGCAA	oddF	bc2
WP214	F03	SC046	Col-0	CTTACTAGG	oddF	bc2
WP215	G03	SC047	Col-0	TGATCCTAG	oddF	bc2
WP216	H03	SC048	Col-0	ACGTTCATA	oddF	bc2
WP217	A04	SC049	Col-0	TCGCACAAG	oddF	bc2
WP218	B04	SC050	Col-0	ACCATCGTG	oddF	bc2
WP219	C04	SC051	Col-0	AAGGCACGT	oddF	bc2
WP220	D04	SC052	Col-0	GCTAGTTCA	oddF	bc2
WP221	E04	SC053	Col-0	CGCTGAATA	oddF	bc2
WP222	F04	SC054	Col-0	CACCGATTA	oddF	bc2
WP223	G04	SC055	Col-0	CATGGACGC	oddF	bc2
WP224	H04	SC056	Col-0	CATCTTACG	oddF	bc2
WP225	A05	SC057	Col-0	CTGTAACAG	oddF	bc2
WP226	B05	SC058	Col-0	GATGATCGT	oddF	bc2
WP227	C05	SC059	Col-0	AGCCGTTAC	oddF	bc2
WP228	D05	SC060	Col-0	TAAGCATGG	oddF	bc2
WP229	E05	SC061	Col-0	TGTGCGTAC	oddF	bc2
WP230	F05	SC062	Col-0	TGGCTCTAA	oddF	bc2
WP231	G05	SC063	Col-0	CGACCTTAT	oddF	bc2
WP232	H05	SC064	Col-0	AGTGCCACT	oddF	bc2
WP233	A06	SC065	Col-0	CACTTCTGG	oddF	bc2
WP234	B06	SC066	Col-0	CGCTAGTAG	oddF	bc2
WP235	C06	SC067	Col-0	GGAACGCTA	oddF	bc2
WP236	D06	SC068	Col-0	ATGACTCAC	oddF	bc2
WP237	E06	SC069	Col-0	GTAGGACCA	oddF	bc2
WP238	F06	SC070	Col-0	GTACGCGTA	oddF	bc2
WP239	G06	SC071	Col-0	AGATGGCTC	oddF	bc2
WP240	H06	SC072	Col-0	ATACGGACG	oddF	bc2
WP241	A07	SC001-3	Col-0	GAACGTATC	oddF	bc2
WP242	B07	SC004-6	Col-0	AACCAGCTG	oddF	bc2
WP243	C07	SC007-9	Col-0	GGCGCTTAA	oddF	bc2
WP244	D07	SC010-12	Col-0	CTTCGCAGG	oddF	bc2
WP245	E07	SC013-15	Col-0	CGGCTACAA	oddF	bc2
WP246	F07	SC016-18	Col-0	CTCTACAGA	oddF	bc2
WP247	G07	SC019-21	Col-0	GCTTAATAG	oddF	bc2
WP248	H07	SC022-24	Col-0	ACCTCAGAG	oddF	bc2
WP249	A08	SC025-27	Col-0	CGAATCCTG	oddF	bc2
WP250	B08	SC028-30	Col-0	TAGCAGTGA	oddF	bc2
WP251	C08	SC031-33	Col-0	GTGACATGT	oddF	bc2
WP252	D08	SC034-36	Col-0	CGGCAGAAT	oddF	bc2
WP253	E08	SC037-39	Col-0	CAGCGTGTA	oddF	bc2
WP254	F08	SC040-42	Col-0	GTGTATGCA	oddF	bc2
WP255	G08	SC043-45	Col-0	ACATTGCGT	oddF	bc2
WP256	H08	SC046-48	Col-0	TCTTCGAGC	oddF	bc2
WP257	A09	SC049-51	Col-0	GCAACGTCT	oddF	bc2
WP258	B09	SC052-54	Col-0	GCAGCTCTA	oddF	bc2
WP259	C09	SC055-57	Col-0	GAGGTTACC	oddF	bc2
WP260	D09	SC058-60	Col-0	CATGAAGTC	oddF	bc2
WP261	E09	SC061-63	Col-0	AGTATGCAG	oddF	bc2
WP262	F09	SC064-66	Col-0	GATGCCTTA	oddF	bc2
WP263	G09	SC067-69	Col-0	GCGAATACT	oddF	bc2
WP264	H09	SC070-72	Col-0	ATCTGCGAA	oddF	bc2
WP265	A10	SC001-3	Col-0	AACAGGTGC	oddF	bc2
WP266	B10	SC004-6	Col-0	TACCATGAG	oddF	bc2
WP267	C10	SC007-9	Col-0	CCAACTAGT	oddF	bc2
WP268	D10	SC010-12	Col-0	ATAGTCCGC	oddF	bc2
WP269	E10	SC013-15	Col-0	TTAAGCGAT	oddF	bc2
WP270	F10	SC016-18	Col-0	ACGTCCTGA	oddF	bc2
WP271	G10	SC019-21	Col-0	CAGTAATGC	oddF	bc2
WP272	H10	SC022-24	Col-0	TTCCATAGC	oddF	bc2
WP273	A11	SC025-27	Col-0	TGCACAATC	oddF	bc2
WP274	B11	SC028-30	Col-0	CATGAGGCT	oddF	bc2
WP275	C11	SC031-33	Col-0	ACAGGAGTT	oddF	bc2
WP276	D11	SC034-36	Col-0	AGCCTTCTA	oddF	bc2
WP277	E11	SC037-39	Col-0	TGACTAGTC	oddF	bc2
WP278	F11	SC040-42	Col-0	CGAGTATCC	oddF	bc2
WP279	G11	SC043-45	Col-0	CAATGTCGG	oddF	bc2
WP280	H11	SC046-48	Col-0	GCGTCACGA	oddF	bc2
WP281	A12	SC049-51	Col-0	TTATAGGCC	oddF	bc2
WP282	B12	SC052-54	Col-0	GAGTGCTAC	oddF	bc2
WP283	C12	SC055-57	Col-0	ACGTCTTAG	oddF	bc2
WP284	D12	SC058-60	Col-0	TTGTGCACG	oddF	bc2
WP285	E12	SC061-63	Col-0	GGCGTTACA	oddF	bc2
WP286	F12	SC064-66	Col-0	GTCTCGCAT	oddF	bc2
WP287	G12	SC067-69	Col-0	TCTTGACGG	oddF	bc2
WP288	H12	SC070-72	Col-0	GTGCTACTA	oddF	bc2
